
2objects
acrobatie
alien
antifire
antifreeze
antimagic
antimagical
antiundead
antiwater
attackaway_1
attackboomerang
attackcrosseverything
attackebeast
attackfrommeurtriere
attackonecase
attaquepsy
attraction
autcancelmagophage
autoheal
autoregenerater
autoregeneration
beast
beastmaster
becomemutante
biter
blockcharacter
blockfightcard
blockhole
blocktwist
blockundead
blooddrinker
bonus_-1
bonusaction_4
bonusalien
bonusattaque_1
bonusattaque_1_1
bonusattaque_1_2
bonusdefense_1
bonusdefense_3
bonusdeplacement
bonusdeplacement_1
bonuself
bonusfight
bonusfog
bonusgroup_2
bonushurt_2
bonusout_1
bonusshadow
bonus_snow
bonusspellcaster
bonusundead
bonuswater
camouflage
cancelfight
carrycursedobject
carrypeople
carry_rocher
chaos
charming
charming_man
charming_undead
chooselighter
climb
climber
confusion
converter
copypower
crazyattack
creator_rampeur_3
creator_squelette_3
creator_zombie_3
crosser_herse
crosser_meurtriere
current
cursed
curseobject
darker
darknightshooter
defenser
defenseshoot
delightful
deplacement_-1
deplacementsmall
destroychutespierre
destroydecord
destroyobjects
die_light
die_water
digger
dissipate
dreamlink
dwarf
eathurt
elf
erudite
exchangeactioncard
exchangecharacter_dead
expertzat
extraterestrial
fastfight
fasthealer
fastrevelation
fightberserk
fightdiag
fighthurt
fireball
fireweak
floormarker_arbre_arbrecoupe
floormarker_dark_2
floormarker_ice_0
floormarker_illusioneboulis_2
floormarker_illusionfosse_2
floormarker_stain_2
flyer
flyer_magical
fog
force_0
forcecard
forgeable
forgetroom
fossecrosser
freeaction
freedeplacement
freeze
freezer
gainbonuswar
givebonusout_1
giveobject
hache
healer
healer_water
heavycarrier
holyground
hotte
hurtcarrier
hurtisire
immaterial
invalidobject
inversion
kill
killalien
killdragon
killer
killhurt
killregard
killundeadhurt
knockout_adjacent
knockout_ldv
layalien
letgosmall
levitation
lighter
lightertmp
lightring
magicabsorber
magical
magicalattaque
magicaldefense
magicalfly_combatcard
magicallink
makepeaceful
makespellcaster
malusfight
marker_liane_3
marker_livingtree_1
marker_ronces_1
marker_toile_3
mirror
musthaveforce_3
nohurt
noldv
nomoreheal
noobject
onusattaquewithrocher
ork
outonlycursedobject
ownplacement
paralyse
parchemin
peaceful
portails
potionfight
prestigious
prophetie
protectedaswoman
protectedcursed
protectfromhurt
reconstruction
regenerater
regenerater_fire
regerater
reincarner
repulsion_1_1
repulsion_2_1
robery
sangsue
seecombatcard
seeelf
seesecretpassage
semibeast
septlieues
shadowwalker_0
shadowwalker_0.5
shadowwalker_1
shied
shield
shooter_1_0
shooter_2_0
shooter_2_1
shooter_3_1
singintherain
spellcaster
stayinside
stopout
stoprocher
storeactions
tail
telekinesy
teleportation
transfert
transformer_boucliercontrefeu
transformer_boucliersylvanite
transformer_chauvesouris
transformer_corbeau
transformer_gargouille
transformer_grandbouclier
transformer_loup
transformer_ours
transformer_outrepleine_fountain
transformer_outrevide
transformer_pavois
transformer_piege
transformer_statue
transformer_vampire
trollkiller
twister
twistfree
twisttotem
undead
useincombat
valueless
visible
visisble
walker_chutespierre
walker_fire_noobject
walker_fosse_object
walker_water_noobject
walker_wood
wallmarker_herse_hersebrisee
wallmarker_herse_herseouverte
wallmarker_herseouverte_herse
wallmarker_mur-meurtriere-cle-torche-passagesecret_murbrise
wallmarker_mur-meurtriere-cle-torche-passagesecret_murbrise_2
wallwalker
wandering
watercrosser
waterinvisible
weak
werewolf
with_menottes_own
withobject_tresor_neutral
woman
zathurt
