voleuse
clerc
magicien
troll
passemuraille
guerrier
gobelin
mechanork
paladin
illusionniste
pickpocket
golem
dragonrouge
eclaireurelfe
fantome
maitredarmes
elementaireeau
elementairefeu
magophage
barbare
telekinesiste
prophete
acrobate
courtisane
angelumiere
momie
dragonmortvivant
goule
ombre
vampire
necromancien
spectre
zombie
chauvesouris
naintueurdetrolls
assassin
dragondore
angesombre
berserk
general
samourai
arbaletrier
druide
enchanteresseelfe
elementairepierre
pondeur
archerelfe
bucheron
piegevivant
araknis
rampeur
loupgarou
mammouth
elementairefoudre
dragonglace
sorciereglaces
yeti
elementaireglace
maitrebetes
traitresse
colosse
telepathe
hommeserpent
hurleur
roc
ameenpeine
dragonfouisseur
tunnelier
sainte
sentinelleorc
ranger
ermite
exorciste
angenoir
elementairetenebres
liche
magetenebres
cloportegeant
lycan
faucheuse
squelette
hommerequin
hommepoisson
ondine
kraken
sirene
trepasse
varan
sangsue
hellboy
reinealien
predator
hulk
mutantefemme
ancienne
tilk
blade
alien
alien2
mutante
roi
reine
bouffon
moine
gardien
bourreau
astrologuegnome
condottiere
minotaure
impitoyable
elfedesbois
zephyr
pauvre
dragonpourpre
insaisissable
porteuroubli
naintueurelfes
perenoel
amazone
maitredutemps
gardienneforet
ours
loup
corbeau
necrophage
passeur
elementairebrume
phoenix
gargouille
gargouillestatue
geantmontagnes
licorne
guerriermage
dragonplatine
basilic
cavalierfantome
irreductible
abomination
warg
sabotork
maitredesreves
totemork
magicientroll
psydoloris
magophile
chamanork
fou
spadassin
maitressefouet
griffon
dragonvolant
dragonacide
dragonfantome
hydre
hulkire
ogre
totemterre
name
corde
tresor
epee
armure
batonbouledefeu
potionvitesse
cle
anneauteleportation
parchemincharme
tueusedragon
boucliercontrefeu
bottesseptlieues
parcheminconfusion
parcheminreconstruction
anneaurepulsion
anneaulumiere
parchemininversion
croixsainte
boulet
anneaufaiblesse
torche
boucliersylvanite
epeeadeuxmains
marteaurunique
potionforce
amuletteelfique
orbepaix
scievapeur
anneauparalysie
parcheminlevitation
arbalete
tapisvolant
hache
parcheminglace
potionvie
anneauchaotique
arc
lancetelescopique
grandbouclier
piolet
boussolemagique
parcheminsacre
poison
pavois
collierdail
daguenuit
lancefusee
lunettesclarte
parcheminmort
piegebetes
filet
amulettemarine
perlenoire
potionmimetique
sabre
zat
grenade
parchemincamouflage
fusilharpon
boucliertenebres
cordegarde
spectreroyal
belier
parcheminamitie
grimoiredeguerre
masquefer
bottespegase
anneauantimagie
parchemintransfert
outrevide
outrepleine
boucliermirroir
capeinvisibilite
bottessaut
orbeportails
parchemindefense
parcheminlumiere
parchemininitiative
anneaudissipation
potionreduction
parcheminattaque
massetonnerre
boomerang
bottesplomb
